// Jest Snapshot v1, https://goo.gl/fbAQLP

exports[`molecules/CookieNotification snapshot test 1`] = `
.emotion-0 {
  display: -webkit-box;
  display: -webkit-flex;
  display: -ms-flexbox;
  display: flex;
  -webkit-box-flex-wrap: wrap;
  -webkit-flex-wrap: wrap;
  -ms-flex-wrap: wrap;
  flex-wrap: wrap;
  width: 100%;
  -webkit-box-pack: justify;
  -webkit-justify-content: space-between;
  justify-content: space-between;
  -webkit-align-items: center;
  -webkit-box-align: center;
  -ms-flex-align: center;
  align-items: center;
  --tw-bg-opacity: 1;
  background-color: rgba(107, 114, 128, var(--tw-bg-opacity));
  --tw-text-opacity: 1;
  color: rgba(255, 255, 255, var(--tw-text-opacity));
  font-size: 0.875rem;
  line-height: 1.25rem;
  font-weight: 700;
  padding-left: 1rem;
  padding-right: 1rem;
  padding-top: 0.75rem;
  padding-bottom: 0.75rem;
  transition-property: background-color,border-color,color,fill,stroke,opacity,box-shadow,transform;
  transition-timing-function: cubic-bezier(0.4, 0, 0.2, 1);
  transition-duration: 500ms;
}

.emotion-0>div>.acceptButton {
  --tw-bg-opacity: 1;
  background-color: rgba(165, 180, 252, var(--tw-bg-opacity));
  --tw-text-opacity: 1;
  color: rgba(255, 255, 255, var(--tw-text-opacity));
  font-weight: 700;
  padding-top: 0.5rem;
  padding-bottom: 0.5rem;
  padding-left: 1rem;
  padding-right: 1rem;
  margin-right: 0.5rem;
  border-style: none;
  cursor: pointer;
}

.emotion-0>div>.acceptButton:hover {
  --tw-bg-opacity: 1;
  background-color: rgba(199, 210, 254, var(--tw-bg-opacity));
}

.emotion-0>div>.declineButton {
  background-color: transparent;
  -webkit-text-decoration: none;
  text-decoration: none;
  --tw-text-opacity: 1;
  color: rgba(255, 255, 255, var(--tw-text-opacity));
  font-weight: 700;
  padding-top: 0.5rem;
  padding-bottom: 0.5rem;
  padding-left: 1rem;
  padding-right: 1rem;
  border-style: none;
  cursor: pointer;
}

.emotion-0>div>.declineButton:hover {
  -webkit-text-decoration: underline;
  text-decoration: underline;
}

<div>
  <div
    class="emotion-0 emotion-1"
    style="bottom: 0px;"
  >
    <div
      class=""
    >
      This website uses cookies to enhance the user experience.
    </div>
    <div
      class=""
    >
      <button
        aria-label="Accept cookies"
        class="acceptButton"
        id="rcc-confirm-button"
      >
        I understand
      </button>
    </div>
  </div>
</div>
`;
