// Jest Snapshot v1, https://goo.gl/fbAQLP

exports[`Footer snapshot test 1`] = `
.emotion-0 {
  display: -webkit-box;
  display: -webkit-flex;
  display: -ms-flexbox;
  display: flex;
  -webkit-align-items: center;
  -webkit-box-align: center;
  -ms-flex-align: center;
  align-items: center;
  padding-top: 0.5rem;
  padding-bottom: 0.5rem;
  padding-left: 0.5rem;
  padding-right: 0.5rem;
  --tw-bg-opacity: 1;
  background-color: rgba(55, 65, 81, var(--tw-bg-opacity));
}

@media (min-width: 1024px) {
  .emotion-0 {
    padding-left: 1.5rem;
    padding-right: 1.5rem;
  }
}

.emotion-0>.title {
  font-size: 0.875rem;
  line-height: 1.25rem;
  --tw-text-opacity: 1;
  color: rgba(107, 114, 128, var(--tw-text-opacity));
  margin-right: 0.25rem;
}

.emotion-0>.twitter {
  font-size: 0.875rem;
  line-height: 1.25rem;
  --tw-text-opacity: 1;
  color: rgba(107, 114, 128, var(--tw-text-opacity));
  -webkit-text-decoration: none;
  text-decoration: none;
}

<div>
  <div
    class="emotion-0 emotion-1"
  >
    <p
      class="title"
    >
      ©
      2021
       — 
      TV局ニュースプレイリスト
    </p>
    <a
      class="twitter"
      href="https://twitter.com/uitspitss"
      rel="noopener noreferrer"
      target="_blank"
    >
      @uitspitss
    </a>
  </div>
</div>
`;
